R  aacrjournals.org                       200 readable=True
R  academic.oup.com                       200 readable=True
R  academy.pubs.asha.org                  200 readable=True
R  asm.org                                200 readable=True
R  authors.wiley.com                      200 readable=True
R  authorservices.taylorandfrancis.com    200 readable=True
R  bmjgroup.com                           200 readable=True
R  cellphysiolbiochem.com                 200 readable=True
R  cureus.com                             200 readable=True
R  diabetesjournals.org                   200 readable=True
R  jamanetwork.com                        200 readable=True
R  medscimonit.com                        200 readable=True
R  plos.org                               200 readable=True
R  portlandpress.com                      200 readable=True
R  pubs.rsna.org                          200 readable=True
R  researcher-resources.acs.org           403 readable=False
R  royalsociety.org                       200 readable=True
R  www.acm.org                            200 readable=True
R  www.ahajournals.org                    200 readable=True
R  www.asbmb.org                          200 readable=True
R  www.biologists.com                     200 readable=True
R  www.biomedcentral.com                  404 readable=True (no sign)
R  www.cambridge.org                      200 readable=True
R  www.cell.com                           200 readable=True
R  www.dovepress.com                      200 readable=True
R  www.elsevier.com                       200 readable=True
R  www.eurosurveillance.org               200 readable=True
R  www.faseb.org                          200 readable=True
R  www.frontiersin.org                    200 readable=True
R  www.ieee.org                           202 readable=False
R  www.mdpi.com                           403 readable=True
R  www.nature.com                         200 readable=True
R  www.rsc.org                            200 readable=True
R  www.sagepub.com                        200 readable=True
R  www.science.org                        200 readable=True
R  www.spandidos-publications.com         200 readable=True
R  www.springernature.com                 200 readable=True
R  www.wiley.com                          200 readable=True
A  Elsevier                           200 
A  Springer                           200 
A  SAGE Publications                  301 
A  PLoS                               200 
A  Taylor and Francis                 200 
A  Oxford University Press            403 
A  Portland Press                     403 
A  Wiley                              200 
A  Springer - Nature Publishing Group 303 
A  Royal Society of Chemistry (RSC)   200 
A  Cureus (Part of Springer Nature as 403 
A  Spandidos                          200 
A  Taylor and Francis - Dove Press    200 
A  Springer - Biomed Central (BMC)    301 
A  American Association for Cancer Re 403 
A  American Heart Association         403 
A  American Association for the Advan 403 
A  American Society for Biochemistry  200 
A  The Company of Biologists          200 
A  Frontiers                          200 
A  Royal Society Publishing           301 
A  American Society for Microbiology  200 
A  Hindawi                            301 
A  MDPI                               403 
A  Cellular Physiol Biochem Press     200 
A  American Chemical Society (ACS)    200 
A  American Diabetes Association      403 
A  BMJ Publishing                     200 
A  Cambridge University Press         200 
A  American Medical Association       403 
A  Elsevier - Cell Press              403 
A  European Centre for Disease Preven 200 
A  IEEE: Institute of Electrical and  202 
A  BioMed Central (BMC)               301 
A  American Society of Gene & Cell Th 403 
A  American Speech-Language-Hearing A 200 
A  Association for Computing Machiner 403 
A  Federation of American Societies f 200 
A  International Scientific Informati 200 
A  Radiological Society of North Amer 403 
B  SAGE Publications                  301
B  Oxford University Press            403
B  Portland Press                     403
B  Springer - Nature Publishing Group 303
B  Cureus (Part of Springer Nature as 403
B  Springer - Biomed Central (BMC)    301
B  American Association for Cancer Re 403
B  American Heart Association         403
B  American Association for the Advan 403
B  Royal Society Publishing           301
B  Hindawi                            301
B  MDPI                               403
B  American Diabetes Association      403
B  American Medical Association       403
B  Elsevier - Cell Press              403
B  IEEE: Institute of Electrical and  202
B  BioMed Central (BMC)               301
B  American Society of Gene & Cell Th 403
B  Association for Computing Machiner 403
B  Radiological Society of North Amer 403
U  SAGE Publications                  301
U  Oxford University Press            403
U  Portland Press                     403
U  Springer - Nature Publishing Group 303
U  Cureus (Part of Springer Nature as 403
U  Springer - Biomed Central (BMC)    301
U  American Association for Cancer Re 403
U  American Heart Association         403
U  American Association for the Advan 403
U  Royal Society Publishing           301
U  Hindawi                            301
U  MDPI                               200
U  American Diabetes Association      403
U  American Medical Association       403
U  Elsevier - Cell Press              403
U  IEEE: Institute of Electrical and  SKIPPED (sign not readable as permitting)
U  BioMed Central (BMC)               301
U  American Society of Gene & Cell Th 403
U  Association for Computing Machiner 403
U  Radiological Society of North Amer 403
-- waiting 600 s before the patient arm (20 doors) --
